******************************************************************************
                  TI ARM Linker PC v20.2.7                     
******************************************************************************
>> Linked Fri Feb 10 22:55:32 2023

OUTPUT FILE NAME:   <project3.out>
ENTRY POINT SYMBOL: "_c_int00_noargs"  address: 00000645


MEMORY CONFIGURATION

         name            origin    length      used     unused   attr    fill
----------------------  --------  ---------  --------  --------  ----  --------
  FLASH                 00000000   00040000  000006c2  0003f93e  R  X
  SRAM                  20000000   00008000  00000210  00007df0  RW X


SEGMENT ALLOCATION MAP

run origin  load origin   length   init length attrs members
----------  ----------- ---------- ----------- ----- -------
00000000    00000000    000006c8   000006c8    r-x
  00000000    00000000    0000026c   0000026c    r-- .intvecs
  0000026c    0000026c    0000042e   0000042e    r-x .text
  000006a0    000006a0    00000028   00000028    r-- .cinit
20000000    20000000    00000210   00000000    rw-
  20000000    20000000    00000200   00000000    rw- .stack
  20000200    20000200    00000010   00000000    rw- .data


SECTION ALLOCATION MAP

 output                                  attributes/
section   page    origin      length       input sections
--------  ----  ----------  ----------   ----------------
.intvecs   0    00000000    0000026c     
                  00000000    0000026c     tm4c123gh6pm_startup_ccs.obj (.intvecs)

.text      0    0000026c    0000042e     
                  0000026c    00000290     main.obj (.text)
                  000004fc    0000009c     rtsv7M4_T_le_v4SPD16_eabi.lib : memcpy_t2.asm.obj (.text)
                  00000598    00000068                                   : copy_decompress_lzss.c.obj (.text:decompress:lzss:__TI_decompress_lzss)
                  00000600    00000044                                   : autoinit.c.obj (.text:__TI_auto_init_nobinit_nopinit:__TI_auto_init_nobinit_nopinit)
                  00000644    00000034                                   : boot_cortex_m.c.obj (.text:_c_int00_noargs:_c_int00_noargs)
                  00000678    0000000e                                   : copy_decompress_none.c.obj (.text:decompress:none:__TI_decompress_none)
                  00000686    0000000c     tm4c123gh6pm_startup_ccs.obj (.text)
                  00000692    00000004     rtsv7M4_T_le_v4SPD16_eabi.lib : pre_init.c.obj (.text:_system_pre_init)
                  00000696    00000004                                   : exit.c.obj (.text:abort:abort)

.cinit     0    000006a0    00000028     
                  000006a0    00000016     (.cinit..data.load) [load image, compression = lzss]
                  000006b6    00000002     --HOLE-- [fill = 0]
                  000006b8    00000008     (__TI_handler_table)
                  000006c0    00000008     (__TI_cinit_table)

.init_array 
*          0    00000000    00000000     UNINITIALIZED

.data      0    20000200    00000010     UNINITIALIZED
                  20000200    00000010     main.obj (.data:keypad)

.stack     0    20000000    00000200     UNINITIALIZED
                  20000000    00000004     rtsv7M4_T_le_v4SPD16_eabi.lib : boot_cortex_m.c.obj (.stack)
                  20000004    000001fc     --HOLE--

__llvm_prf_cnts 
*          0    20000000    00000000     UNINITIALIZED

MODULE SUMMARY

       Module                         code   ro data   rw data
       ------                         ----   -------   -------
    .\
       main.obj                       656    0         16     
       tm4c123gh6pm_startup_ccs.obj   12     620       0      
    +--+------------------------------+------+---------+---------+
       Total:                         668    620       16     
                                                              
    C:\ti\ccs1220\ccs\tools\compiler\ti-cgt-arm_20.2.7.LTS\lib\rtsv7M4_T_le_v4SPD16_eabi.lib
       memcpy_t2.asm.obj              156    0         0      
       copy_decompress_lzss.c.obj     104    0         0      
       autoinit.c.obj                 68     0         0      
       boot_cortex_m.c.obj            52     0         0      
       copy_decompress_none.c.obj     14     0         0      
       exit.c.obj                     4      0         0      
       pre_init.c.obj                 4      0         0      
    +--+------------------------------+------+---------+---------+
       Total:                         402    0         0      
                                                              
       Stack:                         0      0         512    
       Linker Generated:              0      38        0      
    +--+------------------------------+------+---------+---------+
       Grand Total:                   1070   658       528    


LINKER GENERATED COPY TABLES

__TI_cinit_table @ 000006c0 records: 1, size/record: 8, table size: 8
	.data: load addr=000006a0, load size=00000016 bytes, run addr=20000200, run size=00000010 bytes, compression=lzss


LINKER GENERATED HANDLER TABLE

__TI_handler_table @ 000006b8 records: 2, size/record: 4, table size: 8
	index: 0, handler: __TI_decompress_lzss
	index: 1, handler: __TI_decompress_none


GLOBAL SYMBOLS: SORTED ALPHABETICALLY BY Name 

address   name                          
-------   ----                          
00000697  C$$EXIT                       
00000441  Delay                         
00000395  GPIO_PORTA_Interrupt          
00000687  ResetISR                      
000003ab  TIMER_PORTA_Interrupt         
0000042d  UART_Tx                       
20000200  __STACK_END                   
00000200  __STACK_SIZE                  
20000200  __STACK_TOP                   
000006c0  __TI_CINIT_Base               
000006c8  __TI_CINIT_Limit              
000006b8  __TI_Handler_Table_Base       
000006c0  __TI_Handler_Table_Limit      
00000601  __TI_auto_init_nobinit_nopinit
00000599  __TI_decompress_lzss          
00000679  __TI_decompress_none          
ffffffff  __TI_pprof_out_hndl           
ffffffff  __TI_prof_data_size           
ffffffff  __TI_prof_data_start          
00000000  __TI_static_base__            
000004fd  __aeabi_memcpy                
000004fd  __aeabi_memcpy4               
000004fd  __aeabi_memcpy8               
ffffffff  __binit__                     
ffffffff  __c_args__                    
UNDEFED   __mpu_init                    
20000000  __stack                       
20000000  __start___llvm_prf_cnts       
20000000  __stop___llvm_prf_cnts        
00000645  _c_int00_noargs               
UNDEFED   _system_post_cinit            
00000693  _system_pre_init              
00000697  abort                         
ffffffff  binit                         
00000000  g_pfnVectors                  
000003c5  get_k                         
20000200  keypad                        
0000026d  main                          
000004fd  memcpy                        


GLOBAL SYMBOLS: SORTED BY Symbol Address 

address   name                          
-------   ----                          
00000000  __TI_static_base__            
00000000  g_pfnVectors                  
00000200  __STACK_SIZE                  
0000026d  main                          
00000395  GPIO_PORTA_Interrupt          
000003ab  TIMER_PORTA_Interrupt         
000003c5  get_k                         
0000042d  UART_Tx                       
00000441  Delay                         
000004fd  __aeabi_memcpy                
000004fd  __aeabi_memcpy4               
000004fd  __aeabi_memcpy8               
000004fd  memcpy                        
00000599  __TI_decompress_lzss          
00000601  __TI_auto_init_nobinit_nopinit
00000645  _c_int00_noargs               
00000679  __TI_decompress_none          
00000687  ResetISR                      
00000693  _system_pre_init              
00000697  C$$EXIT                       
00000697  abort                         
000006b8  __TI_Handler_Table_Base       
000006c0  __TI_CINIT_Base               
000006c0  __TI_Handler_Table_Limit      
000006c8  __TI_CINIT_Limit              
20000000  __stack                       
20000000  __start___llvm_prf_cnts       
20000000  __stop___llvm_prf_cnts        
20000200  __STACK_END                   
20000200  __STACK_TOP                   
20000200  keypad                        
ffffffff  __TI_pprof_out_hndl           
ffffffff  __TI_prof_data_size           
ffffffff  __TI_prof_data_start          
ffffffff  __binit__                     
ffffffff  __c_args__                    
ffffffff  binit                         
UNDEFED   __mpu_init                    
UNDEFED   _system_post_cinit            

[39 symbols]
